npm warn Unknown env config "http-proxy". This will stop working in the next major version of npm.

> b-branch-strategic-control-plane@5.0.2-final.20260906 verify:integration
> node verification/integration-fixture.mjs

{
  "status": "PASS",
  "module_versions": [
    {
      "module": "b01",
      "version": "v1.0",
      "identity_status": "VERIFIED",
      "hash": "472f296f009c"
    },
    {
      "module": "b02",
      "version": "v1.0",
      "identity_status": "VERIFIED",
      "hash": "6289cd0b9256"
    },
    {
      "module": "b03",
      "version": "v1.0",
      "identity_status": "VERIFIED",
      "hash": "2213136ebb12"
    },
    {
      "module": "b04",
      "version": "v1.0",
      "identity_status": "VERIFIED",
      "hash": "e15eca92110e"
    },
    {
      "module": "b05",
      "version": "v1.0",
      "identity_status": "VERIFIED",
      "hash": "9200c88436c5"
    },
    {
      "module": "b06",
      "version": "v1.0",
      "identity_status": "VERIFIED",
      "hash": "5d19f5d30b74"
    },
    {
      "module": "b07",
      "version": "v1.0",
      "identity_status": "VERIFIED",
      "hash": "e3ef67464841"
    },
    {
      "module": "b08",
      "version": "v1.0",
      "identity_status": "VERIFIED",
      "hash": "eea8f43f3d43"
    },
    {
      "module": "b09",
      "version": "v1.0",
      "identity_status": "VERIFIED",
      "hash": "15544e598732"
    },
    {
      "module": "b10",
      "version": "v1.0",
      "identity_status": "VERIFIED",
      "hash": "2adb60c76a09"
    },
    {
      "module": "b11",
      "version": "v1.0",
      "identity_status": "VERIFIED",
      "hash": "e900b4321c02"
    }
  ],
  "structural_completeness": 100,
  "semantic_validity": "UNKNOWN",
  "operational_readiness": "NOT_READY",
  "decisions": 1,
  "recommendations": 1,
  "governance_subjects": 1,
  "semantic_findings": [
    "B11 compliance validity is unresolved (UNKNOWN/PENDING/no checks)"
  ]
}
